// Jest Snapshot v1, https://goo.gl/fbAQLP

exports[`should render a single expense 1`] = `
<Link
  className="list-item"
  to="/edit/2"
>
  <div>
    <h3
      className="list-item__title"
    >
      rent
    </h3>
    <span
      className="list-item__subtitle"
    >
      Dec 27th, 1969
    </span>
  </div>
  <h3
    className="list-item__data"
  >
    $1000.00
  </h3>
</Link>
`;
