// Jest Snapshot v1, https://goo.gl/fbAQLP

exports[`should render header component 1`] = `
<header
  className="header"
>
  <div
    className="content-container"
  >
    <div
      className="header__content"
    >
      <Unknown
        className="header__title"
        to="/dashboard"
      >
        <h1>
          Budget Reacts!
        </h1>
      </Unknown>
      <button
        className="button button--link"
        onClick={undefined}
      >
        Log out
      </button>
    </div>
  </div>
</header>
`;
